// Bun Snapshot v1, https://goo.gl/fbAQLP

exports[`lets do some history 1`] = `
"- top: lol:top = 
+ top: lol:top = ()

- top: lol:top = ()
+ top: lol:top = (hello)

- top: lol:top = (hello)
+ top: lol:top = (hello )

- top: lol:top = (hello )
+ top: lol:top = (hello)"
`;

exports[`lets do some movement and stuff 1`] = `
"- top: lol:top = 
+ top: lol:top = hello
+ top: rko36eaqyh = 

- top: rko36eaqyh = 
+ top: rko36eaqyh = folks

- top: lol:top = hello
+ top: lol:top = hello-yall"
`;
