// Bun Snapshot v1, https://goo.gl/fbAQLP

exports[`opk 1`] = `
"
(hello•folks•lets•see•how•this•goes
   and•such•like•that)"
`;

exports[`let 1`] = `
"
(let•[x              y
      a              b
      (one•two•three 6
         four•five)   ]
   one
   two
   three               )"
`;

exports[`nesty nest 1`] = `
"
(one•two•(three•four
            five•size)
   seven•eight•nine)"
`;

exports[`smol wrap 1`] = `
"
(one•two•seven
   eight•nine•ten
   eleven•twelve
   thirteen
   fourteen)"
`;
