// Bun Snapshot v1, https://goo.gl/fbAQLP

exports[`basic wrap 1`] = `
"
(hello,folks,lets
   see,how,this,goes
   and,such,like
   that)
"
`;

exports[`let + pairs 1`] = `
"
(let,[x              y
      a              b
      (one,two,three 6
         four,five)   ]
   one
   two
   three               )
"
`;

exports[`nesty nest 1`] = `
"
(one,two
   (three,four,five
      size)
   seven,eight,nine)
"
`;

exports[`smol wrap 1`] = `
"
(one,two,seven
   eight,nine
   ten,eleven
   twelve
   thirteen
   fourteen)
"
`;

exports[`stringsss 1`] = `
"
"0
 Here is a string"
"
`;

exports[`stringsss 2`] = `
"
"0
 Here ${is} a string"
"
`;

exports[`string long one 1`] = `
"
"0
 Here is a string ↩
 what in the world ↩
 here we are it is ↩
 good somewhat ↩
 things-that tend-to-↩
 be splittable ↩
 insufficiently       "
"
`;

exports[`long string with inclusions 1`] = `
"
"0
 Here is a ${here} ↩
 we are it is good ↩
 somewhat things-↩
 that ${tend-to-be} ↩
 splittable ↩
 insufficiently      "
"
`;

exports[`gradual wrap 1`] = `
"
-------------------|
(a,b,c,d,e,f,g,h,i,j
   ab,ac,ad,ae,af,ag
   ah,ai,aj,abc,abcd
   abcde,abcdef
   abcdefg)
------------------|
(a,b,c,d,e,f,g,h,i
   j,ab,ac,ad,ae,af
   ag,ah,ai,aj,abc
   abcd,abcde
   abcdef,abcdefg)
-----------------|
(a,b,c,d,e,f,g,h,i
   j,ab,ac,ad,ae
   af,ag,ah,ai,aj
   abc,abcd,abcde
   abcdef,abcdefg)
----------------|
(a,b,c,d,e,f,g,h
   i,j,ab,ac,ad
   ae,af,ag,ah,ai
   aj,abc,abcd
   abcde,abcdef
   abcdefg)
---------------|
(a,b,c,d,e,f,g,h
   i,j,ab,ac,ad
   ae,af,ag,ah
   ai,aj,abc
   abcd,abcde
   abcdef
   abcdefg)
--------------|
(a,b,c,d,e,f,g
   h,i,j,ab,ac
   ad,ae,af,ag
   ah,ai,aj,abc
   abcd,abcde
   abcdef
   abcdefg)
-------------|
(a,b,c,d,e,f,g
   h,i,j,ab,ac
   ad,ae,af,ag
   ah,ai,aj
   abc,abcd
   abcde
   abcdef
   abcdefg)
------------|
(a,b,c,d,e,f
   g,h,i,j,ab
   ac,ad,ae
   af,ag,ah
   ai,aj,abc
   abcd,abcde
   abcdef
   abcdefg)
-----------|
(a,b,c,d,e,f
   g,h,i,j
   ab,ac,ad
   ae,af,ag
   ah,ai,aj
   abc,abcd
   abcde
   abcdef
   abcdefg)
----------|
(a,b,c,d,e
   f,g,h,i
   j,ab,ac
   ad,ae,af
   ag,ah,ai
   aj,abc
   abcd
   abcde
   abcdef
   abcdefg)
---------|
(a,b,c,d,e
   f,g,h,i
   j,ab,ac
   ad,ae
   af,ag
   ah,ai
   aj,abc
   abcd
   abcde
   abcdef
   abcdefg)
--------|
(a,b,c,d
   e,f,g
   h,i,j
   ab,ac
   ad,ae
   af,ag
   ah,ai
   aj,abc
   abcd
   abcde
   abcdef
   abcdefg)
-------|
(a,b,c,d
   e,f,g
   h,i,j
   ab,ac
   ad,ae
   af,ag
   ah,ai
   aj
   abc
   abcd
   abcde
   abcdef
   abcdefg)
"
`;

exports[`gradual wrap complex 1`] = `
"
-------------------|
(a,b,c,d,(e,f,g,h,i)
   j,ab,ac,ad,ae,af
   ag,ah,ai,aj,abc
   abcd,abcde,abcdef
   abcdefg)
------------------|
(a,b,c,d,(e,f,g,h
            i)
   j,ab,ac,ad,ae,af
   ag,ah,ai,aj,abc
   abcd,abcde
   abcdef,abcdefg)
-----------------|
(a,b,c,d,(e,f,g,h
            i)
   j,ab,ac,ad,ae
   af,ag,ah,ai,aj
   abc,abcd,abcde
   abcdef,abcdefg)
----------------|
(a,b,c,d
   (e,f,g,h,i),j
   ab,ac,ad,ae,af
   ag,ah,ai,aj
   abc,abcd,abcde
   abcdef
   abcdefg)
"
`;

exports[`gradual string wrapp 1`] = `
"
-------------------|
"0
 a b c d e f g h i j ↩
 ab ac ad ae af
 ag ah ai aj abc ↩
 abcd abcde abcdef ↩
 abcdefg              "
------------------|
"0
 a b c d e f g h i ↩
 j ab ac ad ae af
 ag ah ai aj abc ↩
 abcd abcde abcdef ↩
 abcdefg            "
-----------------|
"0
 a b c d e f g h i ↩
 j ab ac ad ae af
 ag ah ai aj abc ↩
 abcd abcde abcdef ↩
 abcdefg            "
----------------|
"0
 a b c d e f g h ↩
 i j ab ac ad ae ↩
 af
 ag ah ai aj abc ↩
 abcd abcde ↩
 abcdef abcdefg   "
---------------|
"0
 a b c d e f g h ↩
 i j ab ac ad ae ↩
 af
 ag ah ai aj abc ↩
 abcd abcde ↩
 abcdef abcdefg   "
--------------|
"0
 a b c d e f g ↩
 h i j ab ac ad ↩
 ae af
 ag ah ai aj ↩
 abc abcd abcde ↩
 abcdef abcdefg  "
-------------|
"0
 a b c d e f g ↩
 h i j ab ac ↩
 ad ae af
 ag ah ai aj ↩
 abc abcd ↩
 abcde abcdef ↩
 abcdefg        "
------------|
"0
 a b c d e f ↩
 g h i j ab ↩
 ac ad ae af
 ag ah ai aj ↩
 abc abcd ↩
 abcde abcdef ↩
 abcdefg       "
-----------|
"0
 a b c d e f ↩
 g h i j ab ↩
 ac ad ae af
 ag ah ai aj ↩
 abc abcd ↩
 abcde ↩
 abcdef ↩
 abcdefg      "
----------|
"0
 a b c d e ↩
 f g h i j ↩
 ab ac ad ↩
 ae af
 ag ah ai ↩
 aj abc ↩
 abcd abcde ↩
 abcdef ↩
 abcdefg     "
---------|
"0
 a b c d e ↩
 f g h i j ↩
 ab ac ad ↩
 ae af
 ag ah ai ↩
 aj abc ↩
 abcd ↩
 abcde ↩
 abcdef ↩
 abcdefg    "
--------|
"0
 a b c d ↩
 e f g h ↩
 i j ab ↩
 ac ad ae ↩
 af
 ag ah ai ↩
 aj abc ↩
 abcd ↩
 abcde ↩
 abcdef ↩
 abcdefg   "
-------|
"0
 a b c d ↩
 e f g h ↩
 i j ab ↩
 ac ad ↩
 ae af
 ag ah ↩
 ai aj ↩
 abc ↩
 abcd ↩
 abcde ↩
 abcdef ↩
 abcdefg  "
------|
"0
 a b c ↩
 d e f ↩
 g h i ↩
 j ab ↩
 ac ad ↩
 ae af
 ag ah ↩
 ai aj ↩
 abc ↩
 abcd ↩
 abcde ↩
 abcdef ↩
 abcdefg "
-----|
"0
 a b c ↩
 d e f ↩
 g h i ↩
 j ab ↩
 ac ad ↩
 ae af
 ag ah ↩
 ai aj ↩
 abc ↩
 abcd ↩
 abcde ↩
 abcdef ↩
 abcdefg "
"
`;

exports[`gradual string wrapp with simple inclusions 1`] = `
"
------------------------------------------| 43
"0,5
 e f g ${ac} ah ai aj ${abc} ab cd abc de !
 ${abcdef} abcdefg ab cd ef gh             "
-----------------------------------------| 42
"0,5
 e f g ${ac} ah ai aj ${abc} ab cd abc de !
 ${abcdef} abcdefg ab cd ef gh             "
----------------------------------------| 41
"0,5
 e f g ${ac} ah ai aj ${abc} ab cd abc de !
 ${abcdef} abcdefg ab cd ef gh             "
---------------------------------------| 40
"0
 e f g ${ac} ah ai aj ${abc} ab cd abc ↩
 de ${abcdef} abcdefg ab cd ef gh       "
--------------------------------------| 39
"0
 e f g ${ac} ah ai aj ${abc} ab cd abc ↩
 de ${abcdef} abcdefg ab cd ef gh       "
-------------------------------------| 38
"0
 e f g ${ac} ah ai aj ${abc} ab cd abc ↩
 de ${abcdef} abcdefg ab cd ef gh       "
------------------------------------| 37
"0
 e f g ${ac} ah ai aj ${abc} ab cd ↩
 abc de ${abcdef} abcdefg ab cd ef gh"
-----------------------------------| 36
"0
 e f g ${ac} ah ai aj ${abc} ab cd ↩
 abc de ${abcdef} abcdefg ab cd ef ↩
 gh                                 "
----------------------------------| 35
"0
 e f g ${ac} ah ai aj ${abc} ab cd ↩
 abc de ${abcdef} abcdefg ab cd ef ↩
 gh                                 "
---------------------------------| 34
"0
 e f g ${ac} ah ai aj ${abc} ab cd ↩
 abc de ${abcdef} abcdefg ab cd ef ↩
 gh                                 "
--------------------------------| 33
"0
 e f g ${ac} ah ai aj ${abc} ab ↩
 cd abc de ${abcdef} abcdefg ab ↩
 cd ef gh                        "
-------------------------------| 32
"0
 e f g ${ac} ah ai aj ${abc} ab ↩
 cd abc de ${abcdef} abcdefg ab ↩
 cd ef gh                        "
------------------------------| 31
"0
 e f g ${ac} ah ai aj ${abc} ab ↩
 cd abc de ${abcdef} abcdefg ab ↩
 cd ef gh                        "
-----------------------------| 30
"0
 e f g ${ac} ah ai aj ${abc} ↩
 ab cd abc de ${abcdef} ↩
 abcdefg ab cd ef gh          "
----------------------------| 29
"0
 e f g ${ac} ah ai aj ${abc} ↩
 ab cd abc de ${abcdef} ↩
 abcdefg ab cd ef gh          "
---------------------------| 28
"0
 e f g ${ac} ah ai aj ${abc} ↩
 ab cd abc de ${abcdef} ↩
 abcdefg ab cd ef gh          "
--------------------------| 27
"0
 e f g ${ac} ah ai aj ${abc} ↩
 ab cd abc de ${abcdef} ↩
 abcdefg ab cd ef gh          "
-------------------------| 26
"0,3,5
 e f g ${ac} ah ai aj !
 ${abc} ab cd abc de !
 ${abcdef} abcdefg ab cd ↩
 ef gh                    "
------------------------| 25
"0,3,5
 e f g ${ac} ah ai aj !
 ${abc} ab cd abc de !
 ${abcdef} abcdefg ab cd ↩
 ef gh                    "
-----------------------| 24
"0,3,5
 e f g ${ac} ah ai aj !
 ${abc} ab cd abc de !
 ${abcdef} abcdefg ab cd ↩
 ef gh                    "
----------------------| 23
"0,3,5
 e f g ${ac} ah ai aj !
 ${abc} ab cd abc de !
 ${abcdef} abcdefg ab ↩
 cd ef gh              "
---------------------| 22
"0,3,5
 e f g ${ac} ah ai aj !
 ${abc} ab cd abc de !
 ${abcdef} abcdefg ab ↩
 cd ef gh              "
--------------------| 21
"0,3,5
 e f g ${ac} ah ai aj !
 ${abc} ab cd abc de !
 ${abcdef} abcdefg ab ↩
 cd ef gh              "
"
`;

exports[`gradual string wrapp with simple inclusions 2`] = `
"
----------------------------------| 35
"0
 ${abcdef} aaa ↩
 aaaaaaaaabcdnnnnnnnnnnnnnnh"
---------------------------------| 34
"0
 ${abcdef} aaa ↩
 aaaaaaaaabcdnnnnnnnnnnnnnnh"
--------------------------------| 33
"0
 ${abcdef} aaa ↩
 aaaaaaaaabcdnnnnnnnnnnnnnnh"
-------------------------------| 32
"0
 ${abcdef} aaa ↩
 aaaaaaaaabcdnnnnnnnnnnnnnnh"
------------------------------| 31
"0
 ${abcdef} aaa ↩
 aaaaaaaaabcdnnnnnnnnnnnnnnh"
-----------------------------| 30
"0
 ${abcdef} aaa ↩
 aaaaaaaaabcdnnnnnnnnnnnnnnh"
----------------------------| 29
"0
 ${abcdef} aaa ↩
 aaaaaaaaabcdnnnnnnnnnnnnnnh"
---------------------------| 28
"0
 ${abcdef} aaa ↩
 aaaaaaaaabcdnnnnnnnnnnnnnnh"
--------------------------| 27
"0
 ${abcdef} aaa ↩
 aaaaaaaaabcdnnnnnnnnnnnnnnh"
-------------------------| 26
"0
 ${abcdef} aaa ↩
 aaaaaaaaabcdnnnnnnnnnnnnnnh"
------------------------| 25
"0
 ${abcdef} aaa ↩
 aaaaaaaaabcdnnnnnnnnnnnnnnh"
-----------------------| 24
"0
 ${abcdef} aaa ↩
 aaaaaaaaabcdnnnnnnnnnnnnnnh"
----------------------| 23
"0
 ${abcdef} aaa ↩
 aaaaaaaaabcdnnnnnnnnnnnnnnh"
---------------------| 22
"0
 ${abcdef} aaa ↩
 aaaaaaaaabcdnnnnnnnnnnnnnnh"
--------------------| 21
"0
 ${abcdef} aaa ↩
 aaaaaaaaabcdnnnnnnnnnnnnnnh"
-------------------| 20
"0
 ${abcdef} aaa ↩
 aaaaaaaaabcdnnnnnnnnnnnnnnh"
------------------| 19
"0
 ${abcdef} aaa ↩
 aaaaaaaaabcdnnnnnnnnnnnnnnh"
-----------------| 18
"0
 ${abcdef} aaa ↩
 aaaaaaaaabcdnnnnnnnnnnnnnnh"
----------------| 17
"0
 ${abcdef} aaa ↩
 aaaaaaaaabcdnnnnnnnnnnnnnnh"
---------------| 16
"0
 ${abcdef} aaa ↩
 aaaaaaaaabcdnnnnnnnnnnnnnnh"
--------------| 15
"0
 ${abcdef} aaa ↩
 aaaaaaaaabcdnnnnnnnnnnnnnnh"
-------------| 14
"0
 ${abcdef} aaa ↩
 aaaaaaaaabcdnnnnnnnnnnnnnnh"
------------| 13
"0
 ${abcdef} ↩
 aaa ↩
 aaaaaaaaabcdnnnnnnnnnnnnnnh"
-----------| 12
"0
 ${abcdef} ↩
 aaa ↩
 aaaaaaaaabcdnnnnnnnnnnnnnnh"
----------| 11
"0
 ${abcdef} ↩
 aaa ↩
 aaaaaaaaabcdnnnnnnnnnnnnnnh"
"
`;

exports[`gradual string wrapp with simple inclusions 3`] = `
"
----------------------------------------| 41
"0,1
 nnnnnnnnnnnnnnnnnnnnnnnnnnn ab cd abc de !
 ${abcdef} abcdefg ab cd ef gh             "
"
`;
